------------------------------------------------------------
TimeQuest Timing Analyzer Summary
------------------------------------------------------------

Type  : Slow 1100mV 85C Model Setup 'CLOCK_50'
Slack : 13.593
TNS   : 0.000

Type  : Slow 1100mV 85C Model Setup 'u1|audio_clk_inst|altera_pll_i|general[0].gpll~PLL_OUTPUT_COUNTER|divclk'
Slack : 51.564
TNS   : 0.000

Type  : Slow 1100mV 85C Model Hold 'CLOCK_50'
Slack : 0.470
TNS   : 0.000

Type  : Slow 1100mV 85C Model Hold 'u1|audio_clk_inst|altera_pll_i|general[0].gpll~PLL_OUTPUT_COUNTER|divclk'
Slack : 0.682
TNS   : 0.000

Type  : Slow 1100mV 85C Model Minimum Pulse Width 'u1|audio_clk_inst|altera_pll_i|general[0].gpll~FRACTIONAL_PLL|vcoph[0]'
Slack : 1.233
TNS   : 0.000

Type  : Slow 1100mV 85C Model Minimum Pulse Width 'CLOCK_50'
Slack : 8.762
TNS   : 0.000

Type  : Slow 1100mV 85C Model Minimum Pulse Width 'u1|audio_clk_inst|altera_pll_i|general[0].gpll~PLL_OUTPUT_COUNTER|divclk'
Slack : 26.430
TNS   : 0.000

Type  : Slow 1100mV 0C Model Setup 'CLOCK_50'
Slack : 13.364
TNS   : 0.000

Type  : Slow 1100mV 0C Model Setup 'u1|audio_clk_inst|altera_pll_i|general[0].gpll~PLL_OUTPUT_COUNTER|divclk'
Slack : 51.518
TNS   : 0.000

Type  : Slow 1100mV 0C Model Hold 'CLOCK_50'
Slack : 0.467
TNS   : 0.000

Type  : Slow 1100mV 0C Model Hold 'u1|audio_clk_inst|altera_pll_i|general[0].gpll~PLL_OUTPUT_COUNTER|divclk'
Slack : 0.721
TNS   : 0.000

Type  : Slow 1100mV 0C Model Minimum Pulse Width 'u1|audio_clk_inst|altera_pll_i|general[0].gpll~FRACTIONAL_PLL|vcoph[0]'
Slack : 1.233
TNS   : 0.000

Type  : Slow 1100mV 0C Model Minimum Pulse Width 'CLOCK_50'
Slack : 8.731
TNS   : 0.000

Type  : Slow 1100mV 0C Model Minimum Pulse Width 'u1|audio_clk_inst|altera_pll_i|general[0].gpll~PLL_OUTPUT_COUNTER|divclk'
Slack : 26.385
TNS   : 0.000

Type  : Fast 1100mV 85C Model Setup 'CLOCK_50'
Slack : 16.520
TNS   : 0.000

Type  : Fast 1100mV 85C Model Setup 'u1|audio_clk_inst|altera_pll_i|general[0].gpll~PLL_OUTPUT_COUNTER|divclk'
Slack : 52.736
TNS   : 0.000

Type  : Fast 1100mV 85C Model Hold 'CLOCK_50'
Slack : 0.265
TNS   : 0.000

Type  : Fast 1100mV 85C Model Hold 'u1|audio_clk_inst|altera_pll_i|general[0].gpll~PLL_OUTPUT_COUNTER|divclk'
Slack : 0.304
TNS   : 0.000

Type  : Fast 1100mV 85C Model Minimum Pulse Width 'u1|audio_clk_inst|altera_pll_i|general[0].gpll~FRACTIONAL_PLL|vcoph[0]'
Slack : 1.233
TNS   : 0.000

Type  : Fast 1100mV 85C Model Minimum Pulse Width 'CLOCK_50'
Slack : 8.680
TNS   : 0.000

Type  : Fast 1100mV 85C Model Minimum Pulse Width 'u1|audio_clk_inst|altera_pll_i|general[0].gpll~PLL_OUTPUT_COUNTER|divclk'
Slack : 26.684
TNS   : 0.000

Type  : Fast 1100mV 0C Model Setup 'CLOCK_50'
Slack : 16.631
TNS   : 0.000

Type  : Fast 1100mV 0C Model Setup 'u1|audio_clk_inst|altera_pll_i|general[0].gpll~PLL_OUTPUT_COUNTER|divclk'
Slack : 52.824
TNS   : 0.000

Type  : Fast 1100mV 0C Model Hold 'CLOCK_50'
Slack : 0.247
TNS   : 0.000

Type  : Fast 1100mV 0C Model Hold 'u1|audio_clk_inst|altera_pll_i|general[0].gpll~PLL_OUTPUT_COUNTER|divclk'
Slack : 0.296
TNS   : 0.000

Type  : Fast 1100mV 0C Model Minimum Pulse Width 'u1|audio_clk_inst|altera_pll_i|general[0].gpll~FRACTIONAL_PLL|vcoph[0]'
Slack : 1.233
TNS   : 0.000

Type  : Fast 1100mV 0C Model Minimum Pulse Width 'CLOCK_50'
Slack : 8.659
TNS   : 0.000

Type  : Fast 1100mV 0C Model Minimum Pulse Width 'u1|audio_clk_inst|altera_pll_i|general[0].gpll~PLL_OUTPUT_COUNTER|divclk'
Slack : 26.671
TNS   : 0.000

------------------------------------------------------------
